16:55:37  Running with dbt=1.11.9
16:55:40  Registered adapter: postgres=1.10.0
16:55:41  Found 4 seeds, 24 models, 8 sources, 465 macros
16:55:41  
16:55:41  Concurrency: 4 threads (target='dev')
16:55:41  
16:55:41  1 of 1 START sql table model reporting.gold_facts .............................. [RUN]
16:55:47  1 of 1 OK created sql table model reporting.gold_facts ......................... [SELECT 1650142 in 5.08s]
16:55:47  
16:55:47  Finished running 1 table model in 0 hours 0 minutes and 5.45 seconds (5.45s).
16:55:47  
16:55:47  Completed successfully
16:55:47  
16:55:47  Done. PASS=1 WARN=0 ERROR=0 SKIP=0 NO-OP=0 TOTAL=1

--- DBT Run gestartet: 2026-05-21 19:01:24 ---
Usage: dbt run [OPTIONS]
Try 'dbt run -h' for help.

Error: Invalid value for '--profiles-dir': Path 'C:\\dbt\\wencke_fondatec\\profiles' does not exist.
--- DBT Run beendet mit Code: 2 ---

--- DBT Run gestartet: 2026-05-21 19:14:46 ---
17:14:51  Running with dbt=1.11.9
17:14:51  Registered adapter: postgres=1.10.0
17:14:52  Found 4 seeds, 24 models, 8 sources, 465 macros
17:14:52  
17:14:52  Concurrency: 4 threads (target='dev')
17:14:52  
17:14:53  1 of 1 START sql table model reporting.gold_facts .............................. [RUN]
17:14:57  1 of 1 OK created sql table model reporting.gold_facts ......................... [SELECT 1650142 in 4.63s]
17:14:57  
17:14:57  Finished running 1 table model in 0 hours 0 minutes and 4.94 seconds (4.94s).
17:14:57  
17:14:57  Completed successfully
17:14:57  
17:14:57  Done. PASS=1 WARN=0 ERROR=0 SKIP=0 NO-OP=0 TOTAL=1
--- DBT Run beendet mit Code: 0 ---

--- DBT Run 2026-05-21 19:47:20.800982 ---
17:47:26  Running with dbt=1.11.9 | 17:47:26  Registered adapter: postgres=1.10.0 | 17:47:27  Found 4 seeds, 24 models, 8 sources, 465 macros | 17:47:27   | 17:47:27  Concurrency: 4 threads (target='dev') | 17:47:27   | 17:47:27  1 of 1 START sql table model reporting.gold_facts .............................. [RUN] | 17:47:32  1 of 1 OK created sql table model reporting.gold_facts ......................... [SELECT 1650142 in 4.61s] | 17:47:32   | 17:47:32  Finished running 1 table model in 0 hours 0 minutes and 4.91 seconds (4.91s). | 17:47:32   | 17:47:32  Completed successfully | 17:47:32   | 17:47:32  Done. PASS=1 WARN=0 ERROR=0 SKIP=0 NO-OP=0 TOTAL=1 | 
Status: ERFOLGREICH, Dauer: 12.723171 Sekunden
FEHLER beim Schreiben in PostgreSQL: (psycopg2.OperationalError) connection to server at "172.30.30.5", port 5432 failed: FATAL:  password authentication failed for user "sbs"

(Background on this error at: https://sqlalche.me/e/20/e3q8)

--- DBT Run 2026-05-21 19:48:23.332240 ---
17:48:28  Running with dbt=1.11.9 | 17:48:28  Registered adapter: postgres=1.10.0 | 17:48:29  Found 4 seeds, 24 models, 8 sources, 465 macros | 17:48:29   | 17:48:29  Concurrency: 4 threads (target='dev') | 17:48:29   | 17:48:30  1 of 1 START sql table model reporting.gold_facts .............................. [RUN] | 17:48:35  1 of 1 OK created sql table model reporting.gold_facts ......................... [SELECT 1650142 in 5.17s] | 17:48:35   | 17:48:35  Finished running 1 table model in 0 hours 0 minutes and 5.50 seconds (5.50s). | 17:48:35   | 17:48:35  Completed successfully | 17:48:35   | 17:48:35  Done. PASS=1 WARN=0 ERROR=0 SKIP=0 NO-OP=0 TOTAL=1 | 
Status: ERFOLGREICH, Dauer: 13.45318 Sekunden

--- DBT Run 2026-05-21 19:51:59.191971 ---
17:52:04  Running with dbt=1.11.9 | 17:52:04  Registered adapter: postgres=1.10.0 | 17:52:05  Found 4 seeds, 24 models, 8 sources, 465 macros | 17:52:05   | 17:52:05  Concurrency: 4 threads (target='dev') | 17:52:05   | 17:52:06  1 of 1 START sql table model reporting.gold_facts .............................. [RUN] | 17:52:11  1 of 1 OK created sql table model reporting.gold_facts ......................... [SELECT 1650142 in 5.13s] | 17:52:11   | 17:52:11  Finished running 1 table model in 0 hours 0 minutes and 5.44 seconds (5.44s). | 17:52:11   | 17:52:11  Completed successfully | 17:52:11   | 17:52:11  Done. PASS=1 WARN=0 ERROR=0 SKIP=0 NO-OP=0 TOTAL=1 | 
Status: ERFOLGREICH, Dauer: 13.579305 Sekunden

--- DBT Run 2026-05-21 19:53:16.067034 ---
17:53:21  Running with dbt=1.11.9 | 17:53:21  Registered adapter: postgres=1.10.0 | 17:53:22  Found 4 seeds, 24 models, 8 sources, 465 macros | 17:53:22   | 17:53:22  Concurrency: 4 threads (target='dev') | 17:53:22   | 17:53:23  1 of 1 START sql table model reporting.gold_facts .............................. [RUN] | 17:53:27  1 of 1 OK created sql table model reporting.gold_facts ......................... [SELECT 1650142 in 4.67s] | 17:53:27   | 17:53:27  Finished running 1 table model in 0 hours 0 minutes and 5.00 seconds (5.00s). | 17:53:28   | 17:53:28  Completed successfully | 17:53:28   | 17:53:28  Done. PASS=1 WARN=0 ERROR=0 SKIP=0 NO-OP=0 TOTAL=1 | 
Status: ERFOLGREICH, Dauer: 14.400167 Sekunden

--- DBT Run 2026-05-21 19:57:17.364143 ---
17:57:24  Running with dbt=1.11.9 | 17:57:26  Registered adapter: postgres=1.10.0 | 17:57:27  Found 4 seeds, 24 models, 8 sources, 465 macros | 17:57:27   | 17:57:27  Concurrency: 4 threads (target='dev') | 17:57:27   | 17:57:28  1 of 1 START sql table model reporting.gold_facts .............................. [RUN] | 17:57:32  1 of 1 OK created sql table model reporting.gold_facts ......................... [SELECT 1650142 in 4.53s] | 17:57:32   | 17:57:32  Finished running 1 table model in 0 hours 0 minutes and 4.84 seconds (4.84s). | 17:57:32   | 17:57:32  Completed successfully | 17:57:32   | 17:57:32  Done. PASS=1 WARN=0 ERROR=0 SKIP=0 NO-OP=0 TOTAL=1 | 
Status: ERFOLGREICH, Dauer: 16.860085 Sekunden
